ok 20090301.txt [drama,fiction,film/TV adaptation,one-act play,] 
ok 20200830.txt [fiction,short stories,] 
ok 20191227.txt [fantasy,fiction,short stories,] 
ok 20210404.txt [fiction,humour,] 
ok 20150565.txt [drama,fiction,] 
ok 20220731.txt [fantasy,fiction,] 
ok 20220726.txt [fantasy,fiction,] 
ok 20120938.txt [fantasy,fiction,] 
ok 20210862.txt [fiction,short stories,] 
ok 20200973.txt [fantasy,fiction,short stories,] 
ok 20140326.txt [fiction,science fiction,] 
ok 20141201.txt [fiction,science fiction,] 
ok 20141232.txt [fiction,science fiction,] 
ok 20161102.txt [fiction,Mythology,] 
ok 20140726.txt [fiction,theology,] 
ok 20140509.txt [fiction,letters,theology,allegory,] 
ok 20150649.txt [fiction,religion,] 
ok 20130625.txt [fiction,horror,supernatural,] 
ok 20130912.txt [fiction,mystery,] 
ok 20200535.txt [fiction,horror,short story,] 
ok 20110336.txt [adventure,fiction,] 
ok 20170202.txt [fiction,] 
ok 20131031.txt [fiction,tarot cards,] 
ok 20130831.txt [fiction,mystery,] 
ok 20130646.txt [fiction,mystery,supernatural,] 
ok 20181213.txt [fiction,poetry,] 
ok 20120925.txt [England,fiction,short stories,] 
ok 20110611.txt [fiction,ghosts,horror,supernatural,] 
ok 20130101.txt [fiction,horror,mystery,short stories,] 
ok 20121017.txt [fiction,horror,short stories,] 
ok 20240126.txt [fiction,horror,short stories,] 
ok 20210217.txt [fiction,] 
ok 20150339.txt [fiction,] 
ok 20180244.txt [fiction,short stories,] 
ok 20120511.txt [fiction,dystopia,science fiction,Modern Library&#039;s 100 Best Novels,Prometheus Award Hall of Fame,Guardian&#039;s 100 Greatest Novels of All Time (2003),film/TV adaptation,] 
ok 20160545.txt [fiction,dystopia,science fiction,Modern Library&#039;s 100 Best Novels,Guardian&#039;s 100 Greatest Novels of All Time (2003),film/TV adaptation,] 
ok 20180440.txt [fiction,philosophy,] 
ok 20181110.txt [adventure,Asia,fiction,Himalayas,Hawthornden Prize,film/TV adaptation,] 
ok 20250845.txt [fantasy,fiction,mystery,] 
ok 20251125.txt [adventure,fiction,] 
ok 20240146.txt [fiction,] 
ok 20110107.txt [cinema,non-fiction,] 
ok 20150633.txt [fantasy,fiction,] 
ok 20200984.txt [Britain,fiction,historical,] 
ok 20201145.txt [Britain,fiction,historical,Druids,Celts,] 
ok 20201142.txt [Britain,England,fiction,historical,Roman History,] 
ok 20201229.txt [Britain,fiction,historical,Arthurian legend,] 
ok 20220707.txt [fantasy,fiction,] 
ok 20201053.txt [fiction,Mythology,] 
ok 20210153.txt [fiction,Mythology,Greece,] 
ok 20210285.txt [fiction,Mythology,Greece,] 
ok 20210124.txt [fiction,juvenile,Mythology,war,Greece,Trojan Wars,] 
ok 20191105.txt [fiction,] 
ok 20240147.txt [fiction,] 
ok 20130801.txt [fiction,ghosts,short stories,film/TV adaptation,] 
ok 20071208.txt [fiction,juvenile,supernatural,] 
curl: (56) Failure writing output to destination, passed 1360 returned 4294967295
FAIL show raw/fadedpage/show/20251029.html
curl: (56) Failure writing output to destination, passed 1360 returned 4294967295
FAIL show raw/fadedpage/show/20201046.html
curl: (56) Failure writing output to destination, passed 1360 returned 4294967295
FAIL show raw/fadedpage/show/20201051.html
ok 20251029.txt [fiction,dystopia,science fiction,] 
skip 20201046 [detective,fiction,short story,] 
skip 20201051 [fiction,mystery,short story,] 
ok 20200918.txt [fiction,science fiction,short story,] 
ok 20250227.txt [fiction,dystopia,science fiction,film/TV adaptation,] 
ok 20230226.txt [fiction,science fiction,short story,] 
ok 20220852.txt [fiction,science fiction,short stories,] 
ok 20230241.txt [fiction,science fiction,] 
ok 20250119.txt [fantasy,fiction,short story,] 
ok 20230224.txt [fiction,science fiction,] 
ok 20230225.txt [fiction,science fiction,] 
ok 20230230.txt [fiction,science fiction,] 
ok 20230235.txt [fiction,science fiction,short story,] 
skip 20230301 [fiction,short story,] 
ok 20230310.txt [fiction,science fiction,] 
ok 20260533.txt [fiction,science fiction,stage adaptation,] 
ok 20180614.txt [fiction,science fiction,] 
ok 20210470.txt [fiction,science fiction,short story,] 
ok 20210472.txt [fiction,science fiction,short story,] 
ok 20210474.txt [fiction,science fiction,short story,] 
ok 20210471.txt [fiction,science fiction,short story,] 
ok 20210473.txt [fiction,science fiction,short story,] 
skip 20121135 [biblical,Canadiana,fiction,historical,] 
ok 20260907.txt [fiction,mystery,occult,] 
skip 20140862 [Canadiana,fiction,Governor General&#039;s Literary Award,] 
ok 20220113.txt [fantasy,fiction,science fiction,] 
skip 20160622 [fiction,Geronimo,western,] 
ok 20190546.txt [fiction,science fiction,] 
ok 20170901.txt [fantasy,fiction,science fiction,film/TV adaptation,] 
ok 20170917.txt [fiction,science fiction,] 
ok 20170911.txt [fantasy,fiction,science fiction,] 
ok 20201244.txt [fantasy,fiction,novella,science fiction,] 
ok 20170832.txt [fantasy,fiction,science fiction,] 
ok 20170822.txt [fantasy,fiction,science fiction,film/TV adaptation,] 
ok 20210107.txt [adventure,fantasy,fiction,short story,] 
ok 20210709.txt [fantasy,fiction,science fiction,short story,] 
ok 20211219.txt [adventure,fantasy,fiction,science fiction,] 
ok 20211140.txt [adventure,fantasy,fiction,science fiction,] 
ok 20200245.txt [fantasy,fiction,] 
skip 20160819 [adventure,fiction,Tarzan (Fictional character),] 
skip 20200903 [adventure,fiction,Tarzan (Fictional character),] 
skip 20191138 [adventure,Africa,fiction,short stories,Tarzan (Fictional character),] 
skip 20210239 [adventure,Africa,fiction,Tarzan (Fictional character),] 
ok 20260838.txt [fantasy,fiction,short story,] 
skip 20200957 [adventure,Africa,fiction,Tarzan (Fictional character),] 
skip 20170815 [adventure,Africa,fiction,Tarzan (Fictional character),film/TV adaptation,] 
skip 20200244 [adventure,Africa,fiction,Tarzan (Fictional character),] 
skip 20210118 [adventure,Africa,fiction,Tarzan (Fictional character),] 
skip 20160704 [adventure,Africa,fiction,Tarzan (Fictional character),] 
skip 20200133 [adventure,fiction,Tarzan (Fictional character),] 
skip 20150701 [adventure,fiction,Tarzan (Fictional character),] 
skip 20150665 [adventure,fiction,Tarzan (Fictional character),] 
skip 20191103 [adventure,fiction,Tarzan (Fictional character),] 
skip 20191031 [adventure,Africa,fiction,Tarzan (Fictional character),] 
skip 20201133 [adventure,Africa,fiction,Tarzan (Fictional character),] 
skip 20190910 [adventure,fiction,Tarzan (Fictional character),] 
skip 20170562 [fiction,western,] 
skip 20210282 [adventure,fiction,South Seas,] 
skip 20160914 [fiction,western,] 
skip 20240711 [adventure,Africa,fantasy,fiction,Tarzan (Fictional character),] 
skip 20210164 [adventure,Africa,fiction,] 
ok 20210938.txt [fantasy,fiction,science fiction,] 
ok 20210715.txt [fantasy,fiction,science fiction,] 
skip 20161006 [fiction,western,] 
ok 20170909.txt [fantasy,fiction,science fiction,] 
ok 20140320.txt [fiction,gothic,historical,] 
skip 20150807 [fiction,humour,] 
skip 20181018 [fiction,humour,] 
ok 20150414.txt [fantasy,fiction,] 
ok 20220535.txt [fiction,science fiction,] 
ok 20221240.txt [fiction,science fiction,short story,] 
ok 20220541.txt [fiction,science fiction,] 
ok 20230427.txt [fiction,science fiction,] 
ok 20230444.txt [fiction,science fiction,] 
ok 20250310.txt [fiction,science fiction,short stories,] 
ok 20220550.txt [fiction,science fiction,] 
ok 20240124.txt [fiction,science fiction,] 
ok 20230440.txt [fiction,science fiction,] 
ok 20180101.txt [fiction,satire,science fiction,] 
ok 20151107.txt [fiction,science fiction,] 
ok 20260449.txt [fiction,science fiction,short story,] 
ok 20130528.txt [fiction,science fiction,] 
ok 20170424.txt [fiction,science fiction,short story,] 
ok 20220217.txt [fiction,science fiction,short story,] 
ok 20220904.txt [fiction,science fiction,] 
ok 20170563.txt [crime,fiction,future world,science fiction,short story,U.S.A.,] 
ok 20130513.txt [fiction,science fiction,short story,time travel,] 
ok 20151119.txt [fiction,science fiction,] 
ok 20150329.txt [fiction,science fiction,] 
ok 20130834.txt [fiction,science fiction,short story,] 
ok 20150326.txt [fiction,science fiction,] 
ok 20170412.txt [crime,fiction,science fiction,short story,] 
ok 20170437.txt [detective,fiction,mystery,science fiction,short story,] 
ok 20170530.txt [fiction,science fiction,] 
skip 20260123 [fiction,mystery,] 
ok 20130814.txt [fiction,science fiction,short story,] 
ok 20130754.txt [fiction,science fiction,short story,] 
ok 20260434.txt [fantasy,fiction,short story,] 
skip 20251016 [fiction,mystery,] 
ok 20170642.txt [fiction,science fiction,short story,] 
ok 20220247.txt [fiction,science fiction,short story,] 
ok 20240410.txt [fiction,science fiction,] 
ok 20170644.txt [fiction,science fiction,] 
skip 20260209 [fiction,mystery,short story,] 
ok 20130624.txt [fiction,science fiction,] 
ok 20200512.txt [fiction,science fiction,short story,] 
ok 20150111.txt [fiction,science fiction,short story,] 
ok 20120726.txt [fiction,science fiction,short story,] 
ok 20200511.txt [fiction,science fiction,short story,] 
ok 20130349.txt [fiction,science fiction,] 
ok 20211215.txt [fiction,science fiction,short story,] 
ok 20130817.txt [fiction,science fiction,short story,] 
ok 20130810.txt [fiction,science fiction,short story,] 
ok 20200510.txt [fiction,science fiction,] 
ok 20200514.txt [fiction,science fiction,short story,] 
ok 20120905.txt [fiction,future world,science fiction,] 
ok 20260326.txt [fantasy,fiction,short story,] 
ok 20160220.txt [fiction,science fiction,] 
ok 20170607.txt [fiction,science fiction,short story,] 
skip 20170641 [fiction,mystery,short story,] 
ok 20170611.txt [fiction,future world,science fiction,short story,] 
ok 20151217.txt [fiction,kidnapping,New York City,science fiction,time travel,U.S.A.,robots,male friendship,] 
ok 20150332.txt [fiction,science fiction,] 
ok 20260442.txt [fantasy,fiction,short story,] 
ok 20200508.txt [fiction,science fiction,short story,] 
ok 20150327.txt [fiction,science fiction,] 
ok 20210131.txt [fiction,science fiction,short story,] 
ok 20130517.txt [fiction,science fiction,short story,] 
ok 20230340.txt [fiction,science fiction,] 
ok 20200509.txt [fiction,science fiction,short story,] 
ok 20130404.txt [fiction,science fiction,time travel,] 
skip 20211255 [fiction,mystery,short story,] 
skip 20210932 [fiction,mystery,short story,] 
ok 20130731.txt [fiction,science fiction,] 
ok 20250844.txt [fantasy,fiction,science fiction,short story,] 
ok 20220315.txt [fiction,science fiction,short story,] 
ok 20240816.txt [fiction,science fiction,short story,robots,] 
skip 20170643 [fiction,mystery,short story,] 
ok 20250604.txt [fantasy,fiction,short story,] 
ok 20121007.txt [fiction,future world,science fiction,] 
ok 20210254.txt [fiction,science fiction,short story,] 
skip 20210146 [fiction,mystery,short story,] 
ok 20210909.txt [fiction,science fiction,short story,] 
ok 20200513.txt [fiction,science fiction,] 
ok 20150328.txt [fiction,science fiction,] 
ok 20130634.txt [fiction,science fiction,short story,] 
ok 20130734.txt [fiction,science fiction,short story,] 
ok 20210286.txt [fiction,science fiction,short story,] 
ok 20130617.txt [fiction,science fiction,short story,] 
ok 20150330.txt [fiction,science fiction,] 
ok 20150254.txt [fiction,science fiction,short story,] 
ok 20190755.txt [Canada,Canadiana,fiction,Whiteoak family (Fictional characters),Jalna (Canada: Imaginary place),film/TV adaptation,Family Saga,] 
skip 20210314 [non-fiction,philosophy,Hawthornden Prize,] 
skip 20200110 [adventure,Doc Savage (Fictional character),fiction,] 
skip 20201039 [adventure,Doc Savage (Fictional character),fiction,] 
skip 20200355 [adventure,Doc Savage (Fictional character),fiction,] 
skip 20200452 [adventure,Doc Savage (Fictional character),fiction,] 
skip 20200632 [adventure,Doc Savage (Fictional character),fiction,] 
skip 20191211 [adventure,Doc Savage (Fictional character),fiction,] 
skip 20190943 [adventure,Doc Savage (Fictional character),fiction,] 
skip 20200920 [adventure,Doc Savage (Fictional character),fiction,] 
ok 20181051.txt [fantasy,fiction,Family Saga,] 
ok 20181040.txt [fantasy,fiction,Family Saga,] 
ok 20181108.txt [fantasy,fiction,Family Saga,] 
ok 20150357.txt [fantasy,fiction,] 
ok 20231204.txt [fiction,science fiction,] 
ok 20210369.txt [fiction,science fiction,short story,] 
ok 20170451.txt [fiction,science fiction,short story,] 
ok 20220250.txt [fiction,science fiction,] 
ok 20210820.txt [fiction,science fiction,short story,] 
ok 20210753.txt [fiction,science fiction,short story,] 
ok 20170546.txt [fiction,science fiction,short story,] 
ok 20230435.txt [fiction,science fiction,] 
ok 20220834.txt [fiction,science fiction,short story,] 
ok 20230605.txt [fiction,science fiction,] 
ok 20220959.txt [fiction,mystery,science fiction,short story,] 
skip 20210445 [fiction,mystery,] 
ok 20210528.txt [fiction,science fiction,short story,] 
skip 20250306 [fiction,murder,mystery,] 
ok 20221024.txt [fiction,science fiction,short story,] 
ok 20181025.txt [fiction,science fiction,] 
ok 20211125.txt [fiction,science fiction,] 
ok 20211257.txt [fiction,horror,short story,] 
ok 20220915.txt [fiction,science fiction,short story,] 
ok 20170411.txt [fiction,science fiction,short story,] 
ok 20221013.txt [fiction,science fiction,short story,] 
ok 20220510.txt [fiction,science fiction,] 
skip 20230218 [fiction,mystery,] 
ok 20220421.txt [fiction,science fiction,] 
ok 20210301.txt [fiction,horror,short story,] 
ok 20220821.txt [fiction,science fiction,short story,] 
ok 20210267.txt [fiction,science fiction,short story,] 
ok 20220851.txt [fiction,science fiction,short story,] 
ok 20220901.txt [fiction,science fiction,short story,] 
skip 20221130 [fiction,mystery,] 
ok 20220934.txt [fiction,science fiction,short story,] 
skip 20220207 [fiction,mystery,short story,] 
ok 20220902.txt [fiction,science fiction,short story,] 
skip 20210144 [fiction,mystery,short story,] 
ok 20220866.txt [fiction,science fiction,short story,] 
ok 20211214.txt [fiction,science fiction,short story,] 
ok 20230311.txt [fiction,science fiction,] 
ok 20181024.txt [fiction,science fiction,] 
ok 20211009.txt [fiction,science fiction,short story,] 
ok 20220948.txt [fiction,science fiction,short story,] 
ok 20221147.txt [fiction,science fiction,short story,] 
ok 20220906.txt [fiction,science fiction,short story,] 
ok 20211141.txt [fiction,science fiction,short story,] 
ok 20170552.txt [fiction,science fiction,short story,] 
ok 20220843.txt [fiction,science fiction,short story,] 
ok 20210436.txt [fiction,science fiction,short story,] 
ok 20221136.txt [fiction,science fiction,short story,] 
ok 20170413.txt [fiction,science fiction,short story,] 
ok 20170452.txt [fiction,science fiction,short story,] 
ok 20211027.txt [fiction,science fiction,short story,] 
ok 20220918.txt [fiction,science fiction,short story,] 
ok 20221039.txt [fiction,science fiction,short story,] 
ok 20220848.txt [fiction,science fiction,short story,] 
ok 20181023.txt [fiction,science fiction,] 
ok 20210941.txt [fiction,science fiction,short story,] 
ok 20221120.txt [fiction,science fiction,short story,] 
ok 20220909.txt [fiction,science fiction,short story,] 
ok 20210702.txt [fiction,science fiction,short story,] 
skip 20230621 [fiction,western,] 
ok 20221009.txt [fiction,science fiction,short story,] 
skip 20230832 [fiction,mystery,] 
ok 20171034.txt [fiction,science fiction,] 
ok 20220916.txt [fiction,science fiction,short story,] 
ok 20221263.txt [fiction,science fiction,short story,] 
ok 20210851.txt [fiction,science fiction,short story,] 
skip 20210355 [fiction,mystery,short story,] 
ok 20220853.txt [fiction,science fiction,] 
ok 20220837.txt [fiction,science fiction,short story,] 
ok 20210542.txt [fiction,science fiction,short story,] 
ok 20230237.txt [fiction,science fiction,short story,] 
ok 20220920.txt [fiction,science fiction,short story,] 
ok 20230101.txt [fiction,science fiction,] 
ok 20210830.txt [fiction,science fiction,short story,] 
ok 20210928.txt [fiction,science fiction,short story,] 
ok 20210182.txt [fiction,science fiction,short story,] 
ok 20220913.txt [fiction,science fiction,short story,] 
skip 20230144 [fiction,mystery,] 
ok 20210150.txt [fiction,science fiction,short story,] 
ok 20221127.txt [fiction,science fiction,] 
ok 20170418.txt [fiction,science fiction,short story,] 
ok 20230722.txt [fiction,science fiction,] 
ok 20220810.txt [fiction,science fiction,short story,] 
ok 20220830.txt [fiction,science fiction,short story,] 
ok 20221123.txt [fiction,mystery,science fiction,short story,] 
ok 20210201.txt [fiction,science fiction,short story,] 
ok 20230848.txt [fiction,science fiction,] 
ok 20210257.txt [fiction,science fiction,short story,] 
ok 20211226.txt [fiction,science fiction,] 
ok 20210151.txt [fiction,science fiction,short story,] 
ok 20221051.txt [fiction,science fiction,] 
ok 20210336.txt [fiction,science fiction,short story,] 
ok 20230349.txt [fiction,science fiction,] 
skip 20230705 [adventure,fiction,] 
ok 20210656.txt [fiction,science fiction,short story,] 
ok 20221036.txt [fiction,science fiction,short story,] 
ok 20210522.txt [fiction,science fiction,] 
ok 20230115.txt [fiction,science fiction,] 
ok 20220911.txt [fiction,science fiction,short story,] 
ok 20221139.txt [fiction,science fiction,short story,] 
ok 20220817.txt [fiction,science fiction,] 
skip 20230228 [fiction,mystery,] 
skip 20230124 [fiction,mystery,] 
ok 20220931.txt [fiction,science fiction,short story,] 
ok 20130527.txt [fiction,science fiction,] 
ok 20220862.txt [fiction,science fiction,short story,] 
ok 20220854.txt [fiction,science fiction,short story,] 
ok 20220812.txt [fiction,science fiction,short story,] 
ok 20230819.txt [fiction,science fiction,] 
ok 20211120.txt [fiction,science fiction,short story,] 
ok 20230239.txt [fiction,science fiction,] 
ok 20220526.txt [fiction,novella,science fiction,] 
ok 20220502.txt [fiction,science fiction,] 
ok 20220905.txt [fiction,science fiction,short story,] 
ok 20210343.txt [fiction,science fiction,short story,] 
ok 20230629.txt [fiction,science fiction,] 
skip 20230604 [fiction,western,] 
ok 20210903.txt [fiction,science fiction,short story,] 
skip 20230406 [fiction,mystery,] 
skip 20230339 [fiction,western,] 
skip 20220631 [fiction,murder,mystery,short story,] 
ok 20230543.txt [fiction,science fiction,] 
ok 20230122.txt [fiction,science fiction,] 
ok 20181022.txt [fiction,science fiction,] 
ok 20190354.txt [fiction,science fiction,] 
ok 20130317.txt [fiction,future history,science fiction,short story,] 
ok 20220824.txt [fiction,science fiction,short story,] 
skip 20211272 [fiction,mystery,short story,] 
ok 20210809.txt [fiction,science fiction,short story,] 
skip 20230557 [fiction,western,] 
ok 20210410.txt [fiction,science fiction,short story,] 
ok 20220822.txt [fiction,science fiction,short story,] 
ok 20210425.txt [fiction,science fiction,short story,] 
ok 20210719.txt [fiction,science fiction,short story,] 
ok 20220828.txt [fiction,science fiction,short story,] 
ok 20230859.txt [fiction,science fiction,] 
ok 20210506.txt [fiction,science fiction,short story,] 
ok 20210623.txt [fiction,science fiction,short story,] 
ok 20221233.txt [fiction,science fiction,short story,] 
ok 20210159.txt [fiction,science fiction,short story,] 
ok 20221001.txt [fiction,science fiction,short story,] 
ok 20220860.txt [fiction,science fiction,short story,] 
ok 20230320.txt [fiction,science fiction,] 
ok 20210637.txt [fiction,science fiction,short story,] 
ok 20191122.txt [fiction,science fiction,short story,] 
ok 20191125.txt [fiction,science fiction,short story,] 
skip 20191137 [fiction,short story,] 
ok 20200956.txt [fiction,science fiction,short story,] 
ok 20200964.txt [fiction,science fiction,short story,] 
ok 20180620.txt [fiction,science fiction,] 
ok 20150413.txt [fiction,science fiction,] 
ok 20211014.txt [fiction,science fiction,short story,] 
ok 20180621.txt [fiction,science fiction,] 
ok 20210129.txt [fiction,science fiction,short story,] 
ok 20210645.txt [fiction,science fiction,short story,] 
ok 20230335.txt [fiction,science fiction,short story,] 
ok 20180619.txt [fiction,science fiction,] 
ok 20141230.txt [fiction,science fiction,] 
ok 20171236.txt [adventure,fiction,romance,science fiction,] 
ok 20220367.txt [fiction,science fiction,short story,] 
ok 20171237.txt [adventure,fiction,romance,science fiction,] 
ok 20220266.txt [fiction,science fiction,short story,] 
ok 20210870.txt [fiction,science fiction,short story,] 
skip 20090907 [fiction,short stories,] 
skip 20090513 [fiction,poetry,] 
ok 20230936.txt [fantasy,fiction,gothic,short story,] 
ok 20260825.txt [fantasy,fiction,short story,Conan (Fictional character),] 
ok 20260828.txt [fantasy,fiction,short story,Conan (Fictional character),] 
ok 20230623.txt [fantasy,fiction,Conan (Fictional character),] 
ok 20170656.txt [fantasy,fiction,horror,short story,] 
ok 20260857.txt [fantasy,fiction,horror,short story,] 
ok 20260833.txt [fantasy,fiction,short story,] 
ok 20260824.txt [fantasy,fiction,short story,Conan (Fictional character),] 
ok 20241212.txt [fantasy,fiction,short story,] 
ok 20170655.txt [fantasy,fiction,horror,short story,film/TV adaptation,] 
ok 20260820.txt [fantasy,fiction,short story,Conan (Fictional character),] 
ok 20260849.txt [fantasy,fiction,short story,] 
ok 20260770.txt [fantasy,fiction,short story,Conan (Fictional character),] 
ok 20260842.txt [fantasy,fiction,short story,] 
ok 20230713.txt [fantasy,fiction,short story,Conan (Fictional character),] 
ok 20210345.txt [fiction,horror,short story,] 
ok 20260817.txt [fantasy,fiction,short story,Conan (Fictional character),] 
ok 20260827.txt [fantasy,fiction,short story,Conan (Fictional character),] 
ok 20170653.txt [fantasy,fiction,horror,] 
ok 20260843.txt [fantasy,fiction,short story,] 
ok 20240521.txt [fantasy,fiction,short stories,] 
ok 20201061.txt [fantasy,fiction,] 
ok 20240505.txt [fantasy,fiction,short story,] 
ok 20240120.txt [fantasy,fiction,] 
ok 20260823.txt [fantasy,fiction,short story,Conan (Fictional character),] 
ok 20260858.txt [fantasy,fiction,horror,short story,] 
ok 20261002.txt [fantasy,fiction,short story,] 
ok 20260760.txt [adventure,fantasy,fiction,short story,] 
ok 20230940.txt [fantasy,fiction,short story,] 
ok 20241104.txt [fantasy,fiction,short stories,] 
ok 20260650.txt [fantasy,fiction,short story,] 
ok 20261003.txt [fantasy,fiction,short story,] 
ok 20240138.txt [fantasy,fiction,short story,] 
ok 20260818.txt [fantasy,fiction,short story,Conan (Fictional character),] 
ok 20260772.txt [adventure,fantasy,fiction,short story,] 
ok 20260834.txt [fantasy,fiction,short story,Conan (Fictional character),] 
ok 20260861.txt [fantasy,fiction,short story,] 
skip 20210340 [fiction,western,] 
ok 20241012.txt [fantasy,fiction,short stories,] 
ok 20260855.txt [fantasy,fiction,short story,] 
ok 20240606.txt [fantasy,fiction,short story,] 
ok 20230533.txt [fantasy,fiction,short story,Conan (Fictional character),] 
ok 20230912.txt [fantasy,fiction,Conan (Fictional character),] 
ok 20230551.txt [fantasy,fiction,Conan (Fictional character),] 
ok 20260850.txt [fantasy,fiction,short story,] 
ok 20231002.txt [fantasy,fiction,short story,Conan (Fictional character),] 
ok 20231023.txt [fantasy,fiction,short story,] 
ok 20230545.txt [fantasy,fiction,Conan (Fictional character),] 
ok 20260806.txt [fiction,horror,short story,] 
skip 20210361 [fiction,western,] 
ok 20240608.txt [fiction,horror,short story,] 
ok 20260819.txt [fiction,horror,short story,] 
ok 20170654.txt [fiction,horror,short story,] 
ok 20220475.txt [fiction,science fiction,short story,] 
ok 20220553.txt [fiction,science fiction,] 
ok 20160621.txt [fiction,science fiction,] 
ok 20220305.txt [fiction,science fiction,] 
ok 20220334.txt [fiction,science fiction,] 
ok 20220347.txt [fiction,science fiction,] 
ok 20160624.txt [fiction,science fiction,] 
ok 20220460.txt [fiction,science fiction,short story,] 
ok 20160631.txt [fiction,science fiction,] 
ok 20160630.txt [fiction,science fiction,] 
ok 20220955.txt [fiction,science fiction,] 
ok 20220957.txt [fiction,science fiction,] 
ok 20220362.txt [fiction,science fiction,short story,] 
ok 20160626.txt [fiction,science fiction,] 
ok 20170428.txt [fiction,science fiction,short story,] 
ok 20220382.txt [fiction,science fiction,short story,] 
ok 20220968.txt [fiction,science fiction,short story,] 
ok 20220469.txt [fiction,science fiction,short story,] 
ok 20160702.txt [fiction,science fiction,] 
ok 20221011.txt [fiction,science fiction,short story,] 
ok 20211249.txt [fiction,science fiction,] 
ok 20160627.txt [fiction,science fiction,] 
ok 20160726.txt [fiction,science fiction,] 
ok 20220324.txt [fiction,science fiction,] 
ok 20160703.txt [fiction,science fiction,] 
ok 20170470.txt [fiction,science fiction,short story,] 
ok 20211213.txt [fiction,science fiction,] 
ok 20211227.txt [fantasy,fiction,legends,] 
ok 20220566.txt [fiction,science fiction,] 
ok 20220406.txt [fiction,science fiction,] 
ok 20160628.txt [fiction,science fiction,] 
ok 20210603.txt [fiction,science fiction,short story,] 
ok 20190404.txt [fiction,science fiction,] 
skip 20200148 [Christmas,crime,fiction,mystery,] 
skip 20201127 [fiction,mystery,] 
skip 20200537 [fiction,mystery,] 
ok 20160618.txt [fiction,science fiction,] 
ok 20190940.txt [fiction,science fiction,] 
ok 20220353.txt [fiction,science fiction,] 
ok 20130727.txt [fiction,science fiction,short story,] 
ok 20210328.txt [fiction,science fiction,short story,] 
ok 20211136.txt [fiction,horror,short story,] 
ok 20130526.txt [fiction,science fiction,] 
skip 20220506 [adventure,fiction,] 
skip 20220423 [adventure,fiction,short story,] 
ok 20210421.txt [fiction,science fiction,short story,] 
skip 20211240 [adventure,fiction,short story,] 
ok 20160227.txt [fiction,science fiction,] 
ok 20160712.txt [fiction,science fiction,] 
ok 20130352.txt [fiction,science fiction,short stories,] 
ok 20130344.txt [fiction,science fiction,] 
ok 20170557.txt [fiction,science fiction,short story,] 
ok 20220614.txt [fiction,science fiction,short story,] 
ok 20170618.txt [fiction,science fiction,short story,] 
ok 20170560.txt [fiction,science fiction,short story,] 
ok 20170604.txt [fantasy,fiction,short story,] 
ok 20130213.txt [fiction,science fiction,short story,] 
ok 20110709.txt [fiction,science fiction,] 
ok 20170613.txt [fiction,science fiction,short story,] 
ok 20130126.txt [fiction,novella,science fiction,] 
skip 20130110 [fiction,novella,] 
skip 20130111 [fiction,novella,] 
skip 20130112 [fiction,novella,] 
ok 20141082.txt [science fiction,short story,] 
ok 20171227.txt [fiction,science fiction,short stories,] 
ok 20130214.txt [fiction,science fiction,] 
ok 20130313.txt [fantasy,fiction,short story,] 
ok 20141081.txt [fiction,science fiction,short story,film/TV adaptation,] 
ok 20141083.txt [fiction,science fiction,] 
ok 20141084.txt [fiction,future world,science fiction,] 
skip 20130836 [adventure,fiction,] 
ok 20170603.txt [fiction,science fiction,short story,] 
ok 20130314.txt [fiction,science fiction,short story,] 
ok 20130311.txt [fiction,science fiction,short story,] 
ok 20130127.txt [fiction,future history,science fiction,Prometheus Award Hall of Fame,] 
ok 20170606.txt [fiction,science fiction,short story,] 
ok 20130525.txt [fiction,science fiction,] 
ok 20170608.txt [fiction,science fiction,short story,] 
ok 20130315.txt [fiction,science fiction,short story,] 
ok 20141086.txt [fiction,science fiction,] 
ok 20220626.txt [fiction,science fiction,short story,] 
ok 20130628.txt [fiction,science fiction,time travel,] 
ok 20211003.txt [fiction,science fiction,short story,] 
ok 20170561.txt [fiction,science fiction,short story,] 
ok 20210658.txt [fiction,science fiction,short story,] 
ok 20180406.txt [fiction,science fiction,] 
ok 20210507.txt [fiction,science fiction,short story,] 
ok 20220635.txt [fiction,science fiction,] 
ok 20170636.txt [fiction,science fiction,short story,] 
ok 20210350.txt [fiction,horror,short story,] 
ok 20190919.txt [fiction,science fiction,short story,] 
ok 20210148.txt [fiction,science fiction,short story,] 
ok 20210176.txt [fantasy,fiction,horror,short story,] 
ok 20220466.txt [fiction,horror,short story,] 
ok 20220814.txt [fiction,science fiction,] 
ok 20230337.txt [fiction,horror,short story,] 
ok 20240315.txt [science fiction,] 
ok 20220560.txt [fiction,science fiction,short story,] 
ok 20210441.txt [fiction,science fiction,short story,] 
ok 20210147.txt [fiction,science fiction,short story,] 
ok 20210249.txt [fiction,science fiction,short story,] 
ok 20200625.txt [fiction,science fiction,] 
ok 20220513.txt [fiction,science fiction,] 
ok 20130326.txt [fantasy,fiction,] 
ok 20210321.txt [fiction,science fiction,short story,] 
ok 20220624.txt [fiction,science fiction,] 
ok 20210466.txt [fiction,science fiction,short story,] 
ok 20210138.txt [fiction,science fiction,short story,] 
ok 20250818.txt [fiction,science fiction,] 
ok 20220607.txt [fiction,science fiction,] 
ok 20210555.txt [fiction,science fiction,short story,] 
ok 20210353.txt [fiction,science fiction,short story,] 
ok 20210460.txt [fiction,science fiction,short story,] 
ok 20190724.txt [fiction,science fiction,] 
ok 20210407.txt [fiction,horror,short story,] 
ok 20220625.txt [fiction,science fiction,short story,] 
ok 20210842.txt [fiction,horror,short story,] 
ok 20220461.txt [fiction,horror,short story,supernatural,] 
ok 20201234.txt [fiction,horror,short story,] 
ok 20210453.txt [fiction,science fiction,short story,] 
ok 20210332.txt [fiction,science fiction,short story,] 
ok 20171009.txt [fiction,science fiction,] 
ok 20220927.txt [fiction,science fiction,] 
ok 20220345.txt [fiction,science fiction,short story,time travel,] 
ok 20220850.txt [fiction,science fiction,] 
ok 20240401.txt [fiction,science fiction,] 
ok 20220240.txt [fiction,science fiction,short story,] 
ok 20210271.txt [fiction,science fiction,short story,] 
ok 20210521.txt [fiction,science fiction,short story,] 
ok 20210549.txt [fiction,science fiction,short story,] 
ok 20210380.txt [fiction,science fiction,short story,] 
ok 20210272.txt [fiction,science fiction,short story,] 
ok 20210437.txt [fiction,science fiction,short story,] 
ok 20220620.txt [fiction,science fiction,] 
ok 20220616.txt [fiction,science fiction,short story,] 
ok 20220611.txt [fiction,science fiction,short story,] 
ok 20220454.txt [fiction,science fiction,] 
ok 20210756.txt [fiction,science fiction,short story,] 
ok 20220813.txt [fiction,science fiction,] 
ok 20210738.txt [fiction,science fiction,short story,] 
ok 20220735.txt [fiction,science fiction,short story,] 
ok 20211145.txt [fiction,science fiction,short story,] 
ok 20230109.txt [fiction,science fiction,] 
ok 20211211.txt [fiction,science fiction,short story,] 
ok 20130524.txt [fantasy,fiction,] 
ok 20150303.txt [fiction,science fiction,] 
ok 20170714.txt [fiction,science fiction,short story,] 
ok 20220603.txt [fiction,science fiction,] 
ok 20220613.txt [fiction,science fiction,short story,] 
ok 20211108.txt [fiction,science fiction,short story,] 
ok 20220474.txt [fiction,horror,short story,] 
ok 20210935.txt [fiction,science fiction,short story,] 
ok 20210905.txt [fiction,science fiction,short story,] 
ok 20210290.txt [fiction,horror,short story,] 
ok 20130318.txt [fiction,science fiction,short story,film/TV adaptation,] 
ok 20210375.txt [fiction,science fiction,short story,] 
ok 20120619.txt [fiction,science fiction,] 
ok 20210526.txt [fiction,horror,short story,] 
ok 20210259.txt [fiction,science fiction,short story,] 
ok 20211028.txt [fiction,horror,short story,] 
ok 20180776.txt [fiction,science fiction,] 
ok 20220264.txt [fiction,horror,short story,] 
ok 20201240.txt [fiction,horror,short story,] 
ok 20210916.txt [fiction,science fiction,short story,] 
ok 20210174.txt [fiction,science fiction,short story,] 
ok 20201227.txt [fantasy,fiction,short story,] 
ok 20220842.txt [fiction,science fiction,] 
ok 20210141.txt [fiction,science fiction,short story,] 
ok 20210365.txt [fiction,science fiction,short story,] 
ok 20220939.txt [fiction,science fiction,] 
ok 20220733.txt [fantasy,fiction,short story,] 
skip 20210166 [adventure,fiction,] 
ok 20221044.txt [fiction,science fiction,] 
ok 20220637.txt [fiction,science fiction,short story,] 
ok 20220630.txt [fiction,science fiction,] 
ok 20210245.txt [fiction,science fiction,short story,] 
ok 20220375.txt [fiction,horror,short story,] 
ok 20210403.txt [fiction,horror,short story,] 
ok 20220722.txt [fiction,science fiction,short story,] 
ok 20170730.txt [fiction,science fiction,] 
ok 20120743.txt [fiction,future world,science fiction,] 
ok 20201254.txt [fiction,science fiction,short story,time travel,] 
ok 20210464.txt [fiction,science fiction,short story,] 
ok 20220801.txt [fiction,science fiction,short story,] 
ok 20201274.txt [fiction,horror,short story,] 
ok 20170505.txt [fiction,science fiction,] 
ok 20210415.txt [fiction,science fiction,short story,] 
ok 20230243.txt [fiction,science fiction,short story,] 
ok 20220846.txt [fantasy,fiction,short story,] 
ok 20220205.txt [fiction,science fiction,short story,] 
ok 20220747.txt [fiction,science fiction,short story,] 
ok 20211271.txt [fiction,science fiction,short story,] 
ok 20210236.txt [fiction,science fiction,short story,] 
ok 20221019.txt [fiction,science fiction,] 
ok 20220446.txt [fiction,horror,short story,] 
ok 20210430.txt [fiction,science fiction,short story,] 
skip 20211121 [adventure,fiction,short story,] 
ok 20220511.txt [fiction,science fiction,] 
ok 20120518.txt [fiction,lost world,science fiction,] 
ok 20220847.txt [fiction,science fiction,short story,] 
ok 20180630.txt [fiction,science fiction,] 
ok 20220622.txt [fiction,science fiction,] 
ok 20201232.txt [fantasy,fiction,short story,] 
ok 20230344.txt [fiction,science fiction,short story,] 
ok 20220752.txt [fiction,science fiction,short story,] 
ok 20210901.txt [fiction,science fiction,short story,] 
ok 20210712.txt [fiction,science fiction,short story,] 
ok 20210181.txt [fiction,science fiction,short story,time travel,] 
ok 20150131.txt [fiction,science fiction,] 
skip 20190218 [fiction,romance,] 
ok 20170447.txt [science fiction,short story,] 
ok 20191008.txt [fiction,science fiction,short story,] 
ok 20171041.txt [fiction,science fiction,] 
ok 20170824.txt [science fiction,short story,] 
ok 20170626.txt [science fiction,short story,] 
ok 20191017.txt [fiction,science fiction,short story,] 
ok 20191024.txt [fiction,science fiction,short story,] 
ok 20170446.txt [science fiction,short story,] 
ok 20191025.txt [fiction,science fiction,short story,] 
ok 20170444.txt [science fiction,short story,] 
ok 20170450.txt [science fiction,short story,] 
ok 20170829.txt [science fiction,short story,] 
ok 20170629.txt [fiction,science fiction,] 
ok 20181026.txt [fiction,science fiction,] 
ok 20170448.txt [science fiction,short story,] 
ok 20170828.txt [science fiction,short story,] 
ok 20170443.txt [science fiction,short story,] 
ok 20170826.txt [science fiction,short story,film/TV adaptation,] 
ok 20170825.txt [science fiction,short story,] 
ok 20170823.txt [science fiction,short story,] 
ok 20191012.txt [fiction,science fiction,short story,] 
ok 20170659.txt [fiction,science fiction,short story,] 
ok 20191020.txt [fiction,science fiction,short story,] 
ok 20170627.txt [science fiction,short story,] 
ok 20170449.txt [science fiction,short story,] 
ok 20170628.txt [science fiction,short story,] 
ok 20171040.txt [fiction,science fiction,] 
ok 20191027.txt [fiction,science fiction,short story,] 
ok 20170630.txt [science fiction,short story,] 
ok 20170445.txt [science fiction,short story,] 
ok 20120718.txt [fiction,horror,science fiction,film/TV adaptation,] 
ok 20190925.txt [fiction,horror,science fiction,short story,] 
ok 20251206.txt [fiction,horror,] 
ok 20190950.txt [fiction,horror,short story,] 
ok 20190909.txt [fiction,horror,short story,] 
ok 20190920.txt [fantasy,fiction,horror,science fiction,short story,] 
ok 20251131.txt [fantasy,fiction,short story,] 
ok 20190935.txt [fiction,horror,science fiction,short story,] 
ok 20190938.txt [fiction,horror,short story,] 
ok 20130220.txt [fiction,science fiction,] 
ok 20190945.txt [fiction,horror,short story,] 
ok 20250826.txt [fantasy,fiction,short story,] 
ok 20251009.txt [fantasy,fiction,short story,] 
ok 20251142.txt [fiction,horror,] 
ok 20260206.txt [fantasy,fiction,short story,] 
ok 20160801.txt [fiction,science fiction,] 
ok 20130725.txt [fiction,science fiction,short story,] 
ok 20180634.txt [fiction,science fiction,] 
ok 20130724.txt [fiction,science fiction,short story,] 
skip 20190732 [fiction,military,slavery,Roman History,] 
ok 20150544.txt [fiction,science fiction,] 
ok 20171042.txt [fiction,science fiction,] 
ok 20260769.txt [fantasy,fiction,Mythology,Celts,] 
skip 20110216 [non-fiction,poetry,] 
ok 20130512.txt [fiction,science fiction,] 
ok 20130627.txt [dinosaurs,fiction,science fiction,short story,time travel,] 
ok 20130515.txt [fiction,science fiction,short story,] 
ok 20130728.txt [fiction,science fiction,short story,] 
ok 20241004.txt [fantasy,fiction,gothic,film/TV adaptation,] 
skip 20201226 [fiction,poetry,] 
ok 20241005.txt [fantasy,fiction,gothic,] 
ok 20240108.txt [fantasy,fiction,gothic,film/TV adaptation,] 
ok 20180618.txt [fiction,science fiction,] 
ok 20170657.txt [fiction,science fiction,short story,time travel,] 
ok 20180890.txt [fiction,science fiction,] 
ok 20210309.txt [fiction,novella,science fiction,] 
ok 20160535.txt [fiction,science fiction,] 
ok 20180515.txt [fiction,science fiction,] 
ok 20220239.txt [fiction,science fiction,short story,] 
ok 20170634.txt [fiction,science fiction,] 
ok 20200927.txt [fiction,science fiction,short story,] 
ok 20130320.txt [fiction,science fiction,short story,] 
skip 201410F4 [history,non-fiction,] 
ok 20180315.txt [fantasy,fiction,witchcraft,] 
ok 20220246.txt [fiction,science fiction,short story,] 
ok 20210614.txt [fiction,science fiction,short story,] 
ok 20160927.txt [fantasy,fiction,] 
skip 20140826 [biography,history,non-fiction,] 
skip 20120605 [America,biography,history,non-fiction,] 
ok 20130818.txt [fiction,science fiction,time travel,] 
ok 20170466.txt [science fiction,short story,] 
ok 20150545.txt [fiction,science fiction,] 
ok 20150546.txt [fiction,science fiction,] 
ok 20170467.txt [science fiction,short story,] 
ok 20170468.txt [science fiction,short story,] 
ok 20190416.txt [fiction,science fiction,] 
ok 20150408.txt [fiction,science fiction,] 
skip 20100907 [fiction,] 
skip 20130705 [fiction,] 
ok 20200332.txt [fiction,ghosts,horror,short stories,] 
ok 20191203.txt [fiction,horror,short story,] 
ok 20120629.txt [fiction,science fiction,werewolf,] 
ok 20211149.txt [fiction,horror,short story,] 
ok 20120701.txt [fiction,science fiction,] 
ok 20120630.txt [fantasy,fiction,film/TV adaptation,] 
ok 20220352.txt [fiction,horror,short story,] 
ok 20120634.txt [fiction,horror,science fiction,] 
ok 20210849.txt [fiction,science fiction,short story,] 
ok 20210913.txt [fiction,horror,short story,] 
ok 20220332.txt [fiction,horror,short story,] 
ok 20220542.txt [fiction,horror,short story,] 
ok 20210540.txt [fiction,science fiction,short story,] 
ok 20120633.txt [fiction,science fiction,] 
ok 20220459.txt [fiction,science fiction,short story,] 
ok 20220105.txt [fiction,horror,short story,] 
ok 20210732.txt [fiction,science fiction,short story,] 
ok 20211253.txt [fiction,horror,short story,] 
ok 20220211.txt [fiction,horror,short story,] 
ok 20120705.txt [fantasy,fiction,] 
ok 20220548.txt [fiction,horror,short story,] 
ok 20120704.txt [fiction,science fiction,] 
ok 20120631.txt [fiction,horror,science fiction,] 
ok 20171044.txt [fiction,science fiction,] 
ok 20170455.txt [fiction,science fiction,] 
ok 20170203.txt [fiction,science fiction,film/TV adaptation,] 
ok 20161023.txt [fiction,science fiction,] 
ok 20170558.txt [fiction,science fiction,] 
ok 20250120.txt [fantasy,fiction,short story,] 
ok 20171007.txt [fiction,science fiction,] 
ok 20170816.txt [fiction,science fiction,] 
ok 20170726.txt [fiction,science fiction,] 
ok 20170711.txt [fiction,science fiction,] 
ok 20170417.txt [fiction,science fiction,] 
ok 20160714.txt [fiction,science fiction,] 
ok 20160610.txt [fiction,science fiction,] 
ok 20170483.txt [fiction,science fiction,] 
ok 20170221.txt [fiction,science fiction,] 
ok 20170454.txt [fiction,science fiction,] 
skip 20190705 [non-fiction,science,speech,] 
ok 20200531.txt [fiction,philosophy,science fiction,] 
ok 20200157.txt [fiction,philosophy,science fiction,] 
ok 20190178.txt [fiction,science fiction,] 
ok 20190433.txt [fantasy,fiction,dogs,] 
ok 20200108.txt [fiction,philosophy,science fiction,] 
ok 20181021.txt [fiction,science fiction,] 
ok 20190421.txt [fiction,science fiction,] 
skip 20200739 [adventure,fiction,historical,] 
ok 20190468.txt [fiction,science fiction,short story,] 
ok 20231013.txt [fiction,science fiction,short story,] 
ok 20240513.txt [fiction,science fiction,] 
ok 20230505.txt [fiction,science fiction,short story,] 
ok 20200979.txt [fiction,science fiction,] 
skip 20250312 [fiction,mystery,] 
ok 20200923.txt [fiction,ghosts,short stories,supernatural,] 
ok 20130816.txt [fantasy,fiction,] 
ok 20150257.txt [fiction,science fiction,] 
ok 20170465.txt [science fiction,short story,] 
ok 20130805.txt [fiction,mathematics,science fiction,short story,] 
ok 20130516.txt [fiction,science fiction,short story,] 
ok 20150114.txt [fiction,science fiction,short story,] 
ok 20170463.txt [science fiction,short story,] 
ok 20170464.txt [fiction,science fiction,short story,] 
ok 20171223.txt [England,fiction,dystopia,science fiction,] 
ok 20171143.txt [England,fiction,dystopia,romance,science fiction,film/TV adaptation,] 
ok 20171039.txt [fiction,future world,science fiction,] 
ok 20171145.txt [fiction,science fiction,] 
ok 20171038.txt [fiction,science fiction,] 
skip 20180779 [fiction,historical,Malta,] 
skip 20180783 [fiction,historical,Malta,] 
ok 20171144.txt [fiction,science fiction,] 
ok 20251003.txt [fiction,science fiction,sexuality,] 
skip 20200129 [fiction,short story,] 
ok 20230242.txt [fiction,horror,short story,] 
ok 20230531.txt [fiction,science fiction,film/TV adaptation,] 
ok 20200136.txt [fiction,science fiction,short story,] 
ok 20221223.txt [fiction,science fiction,short story,] 
ok 20220359.txt [fiction,science fiction,short story,] 
ok 20230207.txt [fiction,science fiction,short story,] 
ok 20210659.txt [fiction,science fiction,short story,] 
ok 20240122.txt [fiction,science fiction,] 
ok 20200140.txt [fiction,science fiction,short story,] 
ok 20220227.txt [fiction,science fiction,short story,] 
ok 20200937.txt [fiction,science fiction,abnormalities: Human,film/TV adaptation,radio play,] 
ok 20260616.txt [fantasy,fiction,dystopia,science fiction,film/TV adaptation,] 
ok 20220606.txt [fiction,science fiction,short story,] 
ok 20260704.txt [fiction,novella,science fiction,short stories,time travel,] 
ok 20220364.txt [fantasy,fiction,dystopia,horror,science fiction,] 
ok 20200243.txt [fiction,science fiction,short story,] 
ok 20220544.txt [fiction,science fiction,short story,] 
ok 20260645.txt [fiction,horror,science fiction,film/TV adaptation,] 
ok 20221150.txt [fiction,science fiction,short story,] 
ok 20220407.txt [fantasy,fiction,science fiction,short stories,] 
ok 20220738.txt [fiction,science fiction,short story,] 
ok 20260551.txt [fiction,novella,science fiction,short stories,] 
ok 20211115.txt [fiction,science fiction,short story,war,] 
ok 20230236.txt [fiction,science fiction,] 
ok 20200147.txt [fiction,science fiction,short story,] 
ok 20220360.txt [fiction,science fiction,] 
ok 20221261.txt [fiction,science fiction,short story,] 
ok 20210824.txt [fiction,science fiction,short story,time travel,] 
ok 20190336.txt [fiction,science fiction,] 
ok 20200528.txt [fiction,science fiction,] 
ok 20130833.txt [fiction,science fiction,short story,] 
ok 20190441.txt [fiction,science fiction,time travel,] 
ok 20190237.txt [fiction,science fiction,] 
ok 20220832.txt [fiction,science fiction,] 
ok 20190312.txt [fiction,science fiction,] 
ok 20130622.txt [fiction,science fiction,short story,] 
ok 20130821.txt [fiction,science fiction,short story,] 
ok 20200236.txt [fiction,science fiction,] 
FETCH-DONE
ok 20090907.txt [fiction,short stories,] 
ok 20100907.txt [fiction,] 
ok 20130110.txt [fiction,novella,] 
ok 20130111.txt [fiction,novella,] 
ok 20130112.txt [fiction,novella,] 
ok 20150807.txt [fiction,humour,] 
ok 20181018.txt [fiction,humour,] 
ok 20190218.txt [fiction,romance,] 
ok 20210166.txt [adventure,fiction,] 
ok 20240711.txt [adventure,Africa,fantasy,fiction,Tarzan (Fictional character),] 
ok 20150701.txt [adventure,fiction,Tarzan (Fictional character),] 
FETCH-DONE
