ok html 1901001 The Soul of Countess Adrian
ok html 0602571 Spring Heeled Jack
ok html 1302271 The Man with the Scales
ok html 0603761 Raid From Mars
ok html 1800801 Morag the Seal
ok html 1800811 The Devil's Mistress
ok html 0604241 Satan's Incubator
ok html 0604231 The City Condemned to Hell
ok html 0601351 Challenger  03  The Land of Mists
ok html 0801081 Palos of the Dog Pack
ok html 0200191 Quatermain 12  Heu-Heu
ok html 0300971 Belshazzar
ok html 0600921 Conan - A Witch Shall Be Born
ok html 0600741 Conan - Beyond the Black River
ok html 0600931 Conan - Black Colossus
ok html 0600751 Conan - Gods of the North
ok html 0600961 Conan - Queen of the Black Coast
ok html 0600771 Conan - Red Nails
ok html 0600781 Conan - Rogues In The House
ok html 0600971 Conan - Shadows In The Moonlight
ok html 0600791 Conan - Shadows In Zamboula
ok html 0600801 Conan - The Devil In Iron
ok html 0600981 Conan - The Hour of the Dragon
ok html 0600761 Conan - The Jewels Of Gwahlur
ok html 0600941 Conan - The People of the Black Circle
ok html 0600811 Conan - The Phoenix On the Sword
ok html 0600951 Conan - The Pool of the Black One
ok html 0600821 Conan - The Scarlet Citadel
ok html 0601051 Conan - The Slithering Shadow
ok html 0600831 Conan - The Tower of the Elephant
ok html 0603571 Conan - The Hyborian Age
ok html 0607321 Solomon Kane - Rattle of Bones
ok html 0607331 Solomon Kane - Red Shadows
ok html 0600851 Solomon Kane - Skulls In The Stars
ok html 0600861 Solomon Kane - The Footfalls Within
ok html 0600841 Solomon Kane - The Moon of Skulls
ok html 0600871 Solomon Kane - The Hills of the Dead
ok html 0600881 Solomon Kane - Wings In The Night
ok html 0603481 Kull - The Mirrors of Tuzun Thune
ok html 0603491 Kull - The Shadow Kingdom
ok html 0607311 Kull and Bran Mak Morn - Kings of the Night
ok txt 0608001 Bran Mak Morn - The Lost Race
ok html 0607861 Bran Mak Morn - Worms of the Earth
ok html 0608041 Cormac Fitzgeoffrey - Hawks of Outremer
ok html 0608061 Cormac Fitzgeoffrey - The Blood of Belshazzar
ok html 0607961 Conrad and Kinrowan - The Children of the Night
ok txt 0601751 Conrad and Kinrowan - The Haunter of the Ring
ok html 0607931 De Montour - In The Forest of Villefere
ok html 0601801 De Montour - Wolfshead
ok txt 0608071 Turlogh Dubh O'Brien - The Dark Man
ok txt 0608081 Turlogh Dubh O'Brien - The Gods of Bal-Sagoth
ok txt 0601791 James Allison - The Valley of the Worm
ok html 0608101 Red Sonya - The Shadow of the Vulture
ok html 0601641 Fantasy Adventure - Black Canaan
ok txt 0601771 Fantasy Adventure - House Of Arabu
ok txt 0607941 Fantasy Adventure - People of the Dark
ok txt 0607951 Fantasy Adventure - Spear and Fang
ok txt 0608121 Fantasy Adventure - The Voice of El-Lil
ok html 0608031 Historical Adventure - Gates of Empire
ok html 0608051 Historical Adventure - Lord of Samarcand
ok html 0608091 Historical Adventure - The Lion of Tiberias
ok html 0608111 Historical Adventure - The Sowers of the Thunder
ok txt 0601711 Horror - The Cairn On the Headland
ok txt 0607971 Horror - The Dream Snake
ok txt 0607981 Horror - The Fearsome Touch of Death
ok txt 0607991 Horror - The Hyena
ok html 0601651 Weird Menace - Black Talons
ok html 0606921 Weird Menace - Black Wind Blowing
ok html 0601691 Weird Menace - Moon of Zambebwei
ok html 0608141 Weird Menace - Skull-Face
ok txt 0601741 Cthulhu Mythos - The Fire of Asshurbanipal
ok txt 0608011 Cthulhu Mythos - The Thing on the Roof
ok html 0601761 Weird Southwest - The Horror From the Mound
ok html 0600721 Weird Southwest - Pigeons From Hell
ok html 0601731 Faring Town Saga - Sea Curse
ok txt 0701111 Almuric - Robert E. Howard
ok txt 0800911 Collected Ghost Stories
ok txt 0608361 Children of the Betsy B
ok txt 0608371 The Sorcerer's Apprentice
ok txt 0601851 Train For Flushing
ok txt 0608381 Tricky Tonnage
ok txt 0608391 Wreckers of the Star Patrol
ok txt 0601421 Planet of Peril
ok txt 0601431 The Prince of Peril
ok txt 0601561 The Port of Peril
ok txt 0601551 Outlaws of Mars
ok txt 0601521 Maza of the Moon
ok txt 0601531 Stolen Centuries
ok txt 0603611 Man from the Moon
ok txt 0606051 The Water Spectre
ok txt 0602131 The Man In Asbestos - an Allegory of the Future
ok txt 0603751 The Familiar
ok txt 0605951 Collected Stories
ok txt 0605981 The Anaconda
ok txt 0605971 Mistrust, Or Blanche and Osbright
ok txt 0608401 The Haunted Woman
ok txt 0605911 A Night in Monk-Hall
ok html 0600031 Collected Stories
ok txt 0606031 The Phial of Dread and other stories
ok txt 0700571 The Golden Key
ok txt 0700371 A New Christmas Carol
ok txt 0301551 Dreads and Drolls
ok txt 0606981 Novel of the White Powder
ok txt 0700381 Out of the Earth
ok txt 0601201 The Inmost Light
ok txt 0601861 The Novel of the Black Seal
ok txt 0601871 The Red Hand
ok txt 0601371 The White People
ok txt 0604051 The Terror - A Fantasy
ok txt 0604191 Change
ok txt 0606971 The Shining Pyramid
ok txt 0606961 The Children of the Pool
ok txt 0700361 A Fragment of Life
ok txt 0606071 The Wood Devil Thing
ok html 1600431 Dr. Muncing, Exorcist
ok txt 0605461 Nine Ghosts
ok txt 0606061 The White Wolf and More
ok txt 0605961 Leixlip Castle
ok txt 0605861 The Flayed Hand
ok txt 0606041 The Separate Room
ok txt 0100151 The Dwellers in the Mirage
ok txt 0601901 The Face in the Abyss
ok txt 0601921 Through the Dragon Glass
ok txt 0601941 The Ship Of Ishtar
ok txt 0602001 Three Lines Of Old French
ok txt 0602011 The Drone
ok txt 0602041 Woman of the Wood
ok txt 0601991 The People of the Pit
ok txt 0602021 The Fox Woman
ok txt 0602031 The Pool of the Stone God
ok txt 0607481 Burn, Witch, Burn!
ok txt 0607491 Creep, Shadow!
ok txt 0602521 The Tachypomp and Other Stories
ok txt 0606901 Collected Stories
ok txt 0606091 Collected Stories
ok txt 0700691 The Folk of the Mountain Door
ok txt 0602241 Islands In the Air
ok txt 0606131 The Monster Maker and other stories
ok txt 0606151 Collected Stories
ok txt 0602511 Man Size in Marble
ok txt 0602501 John Charrington's Wedding
ok txt 0602531 In The Dark
ok txt 0602551 The Ebony Frame
ok txt 0602561 The Power of Darkness
ok txt 0602591 The Mystery of the Semi-Detached
ok txt 0606811 Vampire
ok txt 0606161 Collected Stories
ok html 0601821 Buck Rogers - Armageddon 2419 AD
ok html 0606931 Buck Rogers - The Airlords of Han
ok html 0608181 The Prince of Mars Returns
ok txt 0603641 Hammer of the Gods
ok txt 0603211 The Wondersmith
ok txt 0603261 What Was It - A Mystery
ok txt 0603241 The Child Who Loved A Grave
ok txt 0603221 The Golden Ingot
ok txt 0603251 My Wife's Tempter
ok txt 0606241 When I Was Dead and Other Stories
ok txt 0606171 Collected Stories
ok txt 0602221 Trial Trip of the Flying Cloud  1859
ok txt 0100011 Animal Farm
ok txt 0100021 Nineteen Eighty-Four
ok txt 0606211 The Castle of Wolfenbach
ok txt 0606321 The Unholy Compact Abjured
ok txt 0606331 The Witches' Sabbath
ok txt 0605041 Finis
ok txt 0606291 The Demon of the Hartz
ok txt 0606301 The Feather Pillow
ok txt 0606251 Collected Stories
ok txt 0606261 Four Wooden Stakes
ok txt 0603421 The Spiritualist - A Story of the Occult
ok txt 0606371 Bloody Blanche
ok txt 0602391 The Mortal Immortal
ok txt 0602881 On Ghosts
ok txt 0603141 The Dream
ok txt 0603161 The Evil Eye
ok txt 0603151 The Invisible Girl
ok txt 0606391 St. Irvyne
ok txt 0606461 Zastrozzi
ok txt 0602831 The Pale Ape
ok txt 0602851 The Xelucha
ok txt 0602861 Many a Tear
ok txt 0602821 The Bride
ok txt 0602841 Vaila
ok txt 0606491 The Token
ok txt 0606561 The Orphan of the Rhine
ok txt 0606581 The Ray of Displacement and other stories
ok txt 0601101 Last and First Men
ok txt 0601111 Odd John
ok txt 0601131 The Flames
ok txt 0601151 Sirius
ok txt 0601271 Last Men in London
ok txt 0601281 Death into Life
ok txt 0601311 Darkness and the Light
ok txt 0601331 A Man Divided
curl: (56) The requested URL returned error: 404
FAIL 0601341 Collected Stories
ok txt 0601841 Star Maker
ok txt 0606601 The True Story of a Vampire and more
ok html 0602981 Claimed
ok html 0602971 Unseen - Unfeared
ok html 0607021 Behind the Curtain
ok html 0607381 The Heads of Cerberus
ok html 0607371 Nightmare
ok html 0607361 Serapion
ok txt 0602921 Old Applejoy's Ghost
ok txt 0606541 The Great Staircase at Landover Hall
ok txt 0602491 The Dualitists
ok txt 0606591 The Rider on the White Horse
ok txt 0608981 The Most Maddening Story In the World
ok txt 0609261 The Room on the Fourth Floor
ok txt 0606551 The Kirk Spook and more
ok txt 0606821 Wake Not The Dead
ok txt 0700651 The Elves
ok txt 0606611 An Express of the Future
ok txt 0606701 The Desire to be a Man
ok txt 0608171 Gees - Grey Shapes
ok txt 0601891 Metropolis
ok txt 0800101 Planetoid 127
ok txt 0601191 All Soul's Night
ok txt 0606771 The Spectre-Smitten
ok txt 0609001 The Resurrectionist
ok txt 0608971 Dawn of Flame
ok txt 0601211 Parasite Planet
ok txt 0601321 Proteus Island
ok txt 0607891 Redemption Cairn
ok txt 0607511 Shifting Seas
ok txt 0601511 The Adaptive Ultimate
ok txt 0602641 The Brink of Infinity
ok txt 0601251 The Circle of Zero
ok txt 0601231 The Lotus Eaters
ok txt 0604211 The Mad Moon
ok txt 0605061 Tidal Moon
ok txt 0200221 Men Like Gods
ok txt 0301241 The Autocracy of Mr. Parham
ok txt 0602911 The Chronic Argonauts
ok txt 0500411 The Croquet Player
ok txt 0602061 The Grisly Folk
ok txt 0601951 The Pearl of Love
ok txt 0601931 The Queer Story of Brownlow's Newspaper
ok txt 0301391 The Shape of Things to Come
ok txt 0603051 The Fight in the Lion's Thicket
ok txt 0603061 The First Horseman
ok txt 0604041 The Land Ironclads
ok txt 0603081 The Reign of Uya the Lion
ok txt 0609221 The Short Stories of H. G. Wells
ok txt 0603091 Ugh-Lomi and the Cave Bear
ok txt 0603101 Ugh-Lomi and Yua
ok txt 0606711 Lukundoo
ok txt 0400061 All Hallows' Eve
ok txt 0300341 Descent into Hell
ok txt 0301471 Many Dimensions
ok txt 0601451 War in Heaven
ok txt 0601441 The Place of the Lion
ok txt 0608881 The Greater Trumps
ok txt 0608891 Shadows of Ecstasy
ok html 1600771 Ghost Gleams
ok html 0604281 The Lanson Screen
ok html 0608431 Tomorrow
ok html 0608411 Children of Tomorrow
ok html 0608421 Seven Out of Time
ok html 1501131 The God in the Bowl
ok html 1501121 The Black Stranger
ok html 1401931 The Red Peri
ok html 1401921 The Planet of Doubt
ok html 1401911 The New Adam
ok html 1401891 The Black Flame
ok html 1401881 Smothered Seas
ok html 1401871 Graph
ok html 1401861 Flight on Titan
ok html 1401851 Collected Short Fiction
ok html 1401041 Drink We Deep
ok html 1400861 Venus Mines Incorporated
ok html 1400851 The Two Moons of Tranquillia
ok html 1400811 Lost in Time
ok html 1400801 No Escape from Destiny
ok html 1400781 The Cavern of the Shining Pool
ok html 1400251 Stranger from Smallness
ok html 1304601 The Green Ray
ok html 1304501 The Dead Remember
ok html 1304271 Red Blades of Black Cathay
ok html 1304241 The Land Where Time Stood Still
ok html 1304151 Black Hound of Death
ok html 1304101 The Challenge from Beyond
ok html 1304031 Dig Me No Grave
ok html 1303771 Cimmeria - A Poem
ok html 1302371 When Old Gods Wake
ok html 1302361 The White Road
ok html 1302351 The Last Poet and the Robots
ok html 1302341 Collected Short Stories
ok html 1301981 The Thing That Walked in the Rain
ok html 1301971 The Revenge of the Robot
ok html 1301961 The Metal Monster
ok html 1301951 The Malignant Entity
ok html 1301941 Spawn of the Comet
ok html 1301931 A Vision of Venus
ok html 1301891 The Swordsman of Mars
ok html 1301621 The Song of the Cakes
ok html 1301611 The Revolt of the Machines
ok html 1301601 The Death-Cloud
ok html 1301581 The Great Dome of Mercury
ok html 1000141 The Garden of Fear
ok html 0801231 The Man on the Ground
ok html 0801211 Old Garfield's Heart
ok txt 0801051 The Kit-Bag
ok txt 0800651 Tales of Horror and the Supernatural,Arthur Machen
ok txt 0700721 The Regent of the North
ok txt 0700401 The Islington Mystery
ok txt 0607751 Dog and Duck
FETCH-DONE
